------------------------------------------------------------
Timing Analyzer Summary
------------------------------------------------------------

Type  : Slow 900mV 100C Model Setup 'altera_reserved_tck'
Slack : 38.156
TNS   : 0.000

Type  : Slow 900mV 100C Model Hold 'altera_reserved_tck'
Slack : 0.344
TNS   : 0.000

Type  : Slow 900mV 100C Model Recovery 'altera_reserved_tck'
Slack : 93.416
TNS   : 0.000

Type  : Slow 900mV 100C Model Removal 'altera_reserved_tck'
Slack : 0.635
TNS   : 0.000

Type  : Slow 900mV 100C Model Minimum Pulse Width 'alt_cal_edge_detect_ff0_clk'
Slack : 9.132
TNS   : 0.000

Type  : Slow 900mV 100C Model Minimum Pulse Width 'alt_cal_edge_detect_ff1_clk'
Slack : 9.132
TNS   : 0.000

Type  : Slow 900mV 100C Model Minimum Pulse Width 'alt_cal_edge_detect_ff0q_clk'
Slack : 9.177
TNS   : 0.000

Type  : Slow 900mV 100C Model Minimum Pulse Width 'alt_cal_edge_detect_ff1q_clk'
Slack : 9.191
TNS   : 0.000

Type  : Slow 900mV 100C Model Minimum Pulse Width 'altera_reserved_tck'
Slack : 49.000
TNS   : 0.000

Type  : Slow 900mV -40C Model Setup 'altera_reserved_tck'
Slack : 39.155
TNS   : 0.000

Type  : Slow 900mV -40C Model Hold 'altera_reserved_tck'
Slack : 0.333
TNS   : 0.000

Type  : Slow 900mV -40C Model Recovery 'altera_reserved_tck'
Slack : 93.987
TNS   : 0.000

Type  : Slow 900mV -40C Model Removal 'altera_reserved_tck'
Slack : 0.601
TNS   : 0.000

Type  : Slow 900mV -40C Model Minimum Pulse Width 'alt_cal_edge_detect_ff0_clk'
Slack : 9.141
TNS   : 0.000

Type  : Slow 900mV -40C Model Minimum Pulse Width 'alt_cal_edge_detect_ff1_clk'
Slack : 9.141
TNS   : 0.000

Type  : Slow 900mV -40C Model Minimum Pulse Width 'alt_cal_edge_detect_ff0q_clk'
Slack : 9.171
TNS   : 0.000

Type  : Slow 900mV -40C Model Minimum Pulse Width 'alt_cal_edge_detect_ff1q_clk'
Slack : 9.178
TNS   : 0.000

Type  : Slow 900mV -40C Model Minimum Pulse Width 'altera_reserved_tck'
Slack : 48.997
TNS   : 0.000

Type  : Fast 900mV -40C Model Setup 'altera_reserved_tck'
Slack : 44.142
TNS   : 0.000

Type  : Fast 900mV -40C Model Hold 'altera_reserved_tck'
Slack : 0.156
TNS   : 0.000

Type  : Fast 900mV -40C Model Recovery 'altera_reserved_tck'
Slack : 96.508
TNS   : 0.000

Type  : Fast 900mV -40C Model Removal 'altera_reserved_tck'
Slack : 0.301
TNS   : 0.000

Type  : Fast 900mV -40C Model Minimum Pulse Width 'alt_cal_edge_detect_ff0_clk'
Slack : 9.172
TNS   : 0.000

Type  : Fast 900mV -40C Model Minimum Pulse Width 'alt_cal_edge_detect_ff1_clk'
Slack : 9.172
TNS   : 0.000

Type  : Fast 900mV -40C Model Minimum Pulse Width 'alt_cal_edge_detect_ff0q_clk'
Slack : 9.189
TNS   : 0.000

Type  : Fast 900mV -40C Model Minimum Pulse Width 'alt_cal_edge_detect_ff1q_clk'
Slack : 9.194
TNS   : 0.000

Type  : Fast 900mV -40C Model Minimum Pulse Width 'altera_reserved_tck'
Slack : 48.734
TNS   : 0.000

------------------------------------------------------------
