------------------------------------------------------------
Timing Analyzer Summary
------------------------------------------------------------

Type  : Slow 900mV 100C Model Setup 'altera_reserved_tck'
Slack : 40.985
TNS   : 0.000

Type  : Slow 900mV 100C Model Hold 'altera_reserved_tck'
Slack : 0.345
TNS   : 0.000

Type  : Slow 900mV 100C Model Recovery 'altera_reserved_tck'
Slack : 90.860
TNS   : 0.000

Type  : Slow 900mV 100C Model Removal 'altera_reserved_tck'
Slack : 0.808
TNS   : 0.000

Type  : Slow 900mV 100C Model Minimum Pulse Width 'alt_cal_edge_detect_ff0_clk'
Slack : 9.132
TNS   : 0.000

Type  : Slow 900mV 100C Model Minimum Pulse Width 'alt_cal_edge_detect_ff1_clk'
Slack : 9.132
TNS   : 0.000

Type  : Slow 900mV 100C Model Minimum Pulse Width 'alt_cal_edge_detect_ff1q_clk'
Slack : 9.177
TNS   : 0.000

Type  : Slow 900mV 100C Model Minimum Pulse Width 'alt_cal_edge_detect_ff0q_clk'
Slack : 9.189
TNS   : 0.000

Type  : Slow 900mV 100C Model Minimum Pulse Width 'altera_reserved_tck'
Slack : 49.042
TNS   : 0.000

Type  : Slow 900mV -40C Model Setup 'altera_reserved_tck'
Slack : 41.539
TNS   : 0.000

Type  : Slow 900mV -40C Model Hold 'altera_reserved_tck'
Slack : 0.320
TNS   : 0.000

Type  : Slow 900mV -40C Model Recovery 'altera_reserved_tck'
Slack : 91.669
TNS   : 0.000

Type  : Slow 900mV -40C Model Removal 'altera_reserved_tck'
Slack : 0.762
TNS   : 0.000

Type  : Slow 900mV -40C Model Minimum Pulse Width 'alt_cal_edge_detect_ff0_clk'
Slack : 9.141
TNS   : 0.000

Type  : Slow 900mV -40C Model Minimum Pulse Width 'alt_cal_edge_detect_ff1_clk'
Slack : 9.141
TNS   : 0.000

Type  : Slow 900mV -40C Model Minimum Pulse Width 'alt_cal_edge_detect_ff1q_clk'
Slack : 9.171
TNS   : 0.000

Type  : Slow 900mV -40C Model Minimum Pulse Width 'alt_cal_edge_detect_ff0q_clk'
Slack : 9.182
TNS   : 0.000

Type  : Slow 900mV -40C Model Minimum Pulse Width 'altera_reserved_tck'
Slack : 48.886
TNS   : 0.000

Type  : Fast 900mV -40C Model Setup 'altera_reserved_tck'
Slack : 45.767
TNS   : 0.000

Type  : Fast 900mV -40C Model Hold 'altera_reserved_tck'
Slack : 0.157
TNS   : 0.000

Type  : Fast 900mV -40C Model Recovery 'altera_reserved_tck'
Slack : 95.146
TNS   : 0.000

Type  : Fast 900mV -40C Model Removal 'altera_reserved_tck'
Slack : 0.395
TNS   : 0.000

Type  : Fast 900mV -40C Model Minimum Pulse Width 'alt_cal_edge_detect_ff0_clk'
Slack : 9.172
TNS   : 0.000

Type  : Fast 900mV -40C Model Minimum Pulse Width 'alt_cal_edge_detect_ff1_clk'
Slack : 9.172
TNS   : 0.000

Type  : Fast 900mV -40C Model Minimum Pulse Width 'alt_cal_edge_detect_ff0q_clk'
Slack : 9.195
TNS   : 0.000

Type  : Fast 900mV -40C Model Minimum Pulse Width 'alt_cal_edge_detect_ff1q_clk'
Slack : 9.197
TNS   : 0.000

Type  : Fast 900mV -40C Model Minimum Pulse Width 'altera_reserved_tck'
Slack : 48.789
TNS   : 0.000

------------------------------------------------------------
