------------------------------------------------------------
Timing Analyzer Summary
------------------------------------------------------------

Type  : Slow 900mV 100C Model Setup 'altera_reserved_tck'
Slack : 41.707
TNS   : 0.000

Type  : Slow 900mV 100C Model Hold 'altera_reserved_tck'
Slack : 0.343
TNS   : 0.000

Type  : Slow 900mV 100C Model Recovery 'altera_reserved_tck'
Slack : 93.511
TNS   : 0.000

Type  : Slow 900mV 100C Model Removal 'altera_reserved_tck'
Slack : 0.702
TNS   : 0.000

Type  : Slow 900mV 100C Model Minimum Pulse Width 'alt_cal_edge_detect_ff0_clk'
Slack : 9.132
TNS   : 0.000

Type  : Slow 900mV 100C Model Minimum Pulse Width 'alt_cal_edge_detect_ff1_clk'
Slack : 9.132
TNS   : 0.000

Type  : Slow 900mV 100C Model Minimum Pulse Width 'alt_cal_edge_detect_ff1q_clk'
Slack : 9.182
TNS   : 0.000

Type  : Slow 900mV 100C Model Minimum Pulse Width 'alt_cal_edge_detect_ff0q_clk'
Slack : 9.184
TNS   : 0.000

Type  : Slow 900mV 100C Model Minimum Pulse Width 'altera_reserved_tck'
Slack : 49.065
TNS   : 0.000

Type  : Slow 900mV -40C Model Setup 'altera_reserved_tck'
Slack : 42.218
TNS   : 0.000

Type  : Slow 900mV -40C Model Hold 'altera_reserved_tck'
Slack : 0.320
TNS   : 0.000

Type  : Slow 900mV -40C Model Recovery 'altera_reserved_tck'
Slack : 94.103
TNS   : 0.000

Type  : Slow 900mV -40C Model Removal 'altera_reserved_tck'
Slack : 0.666
TNS   : 0.000

Type  : Slow 900mV -40C Model Minimum Pulse Width 'alt_cal_edge_detect_ff0_clk'
Slack : 9.141
TNS   : 0.000

Type  : Slow 900mV -40C Model Minimum Pulse Width 'alt_cal_edge_detect_ff1_clk'
Slack : 9.141
TNS   : 0.000

Type  : Slow 900mV -40C Model Minimum Pulse Width 'alt_cal_edge_detect_ff1q_clk'
Slack : 9.170
TNS   : 0.000

Type  : Slow 900mV -40C Model Minimum Pulse Width 'alt_cal_edge_detect_ff0q_clk'
Slack : 9.174
TNS   : 0.000

Type  : Slow 900mV -40C Model Minimum Pulse Width 'altera_reserved_tck'
Slack : 48.972
TNS   : 0.000

Type  : Fast 900mV -40C Model Setup 'altera_reserved_tck'
Slack : 46.182
TNS   : 0.000

Type  : Fast 900mV -40C Model Hold 'altera_reserved_tck'
Slack : 0.157
TNS   : 0.000

Type  : Fast 900mV -40C Model Recovery 'altera_reserved_tck'
Slack : 96.578
TNS   : 0.000

Type  : Fast 900mV -40C Model Removal 'altera_reserved_tck'
Slack : 0.317
TNS   : 0.000

Type  : Fast 900mV -40C Model Minimum Pulse Width 'alt_cal_edge_detect_ff0_clk'
Slack : 9.172
TNS   : 0.000

Type  : Fast 900mV -40C Model Minimum Pulse Width 'alt_cal_edge_detect_ff1_clk'
Slack : 9.172
TNS   : 0.000

Type  : Fast 900mV -40C Model Minimum Pulse Width 'alt_cal_edge_detect_ff1q_clk'
Slack : 9.189
TNS   : 0.000

Type  : Fast 900mV -40C Model Minimum Pulse Width 'alt_cal_edge_detect_ff0q_clk'
Slack : 9.192
TNS   : 0.000

Type  : Fast 900mV -40C Model Minimum Pulse Width 'altera_reserved_tck'
Slack : 48.790
TNS   : 0.000

------------------------------------------------------------
